5649516 got 23236409 then 63544954 with longs
5295483 got -955457984
9261576
3960530
7629795
40216260
6701050
40280315
4614540
12407190